// Jest Snapshot v1, https://goo.gl/fbAQLP

exports[`StorySelect tests matches snapshot 1`] = `
<DocumentFragment>
  <label
    for="story-select"
  >
    Choose your Mad Lib
  </label>
  <select
    id="story-select"
  >
    <option
      disabled=""
      hidden=""
      value="select story"
    >
      Select Story...
    </option>
    <option
      id="1"
      value="Test Title 1"
    >
      Test Title 1
    </option>
    <option
      id="2"
      value="Test Title 2"
    >
      Test Title 2
    </option>
  </select>
</DocumentFragment>
`;
